\BOOKMARK [1][-]{section*.2}{\376\377\000\311\000q\000u\000i\000p\000e\000\040\000p\000r\000o\000j\000e\000t}{}% 1
\BOOKMARK [1][-]{section*.3}{\376\377\000G\000u\000i\000d\000e\000\040\000d\000e\000\040\000l\000e\000c\000t\000u\000r\000e}{}% 2
\BOOKMARK [1][-]{section*.4}{\376\377\000R\000\351\000s\000u\000m\000\351\000\040\000e\000x\000\351\000c\000u\000t\000i\000f}{}% 3
\BOOKMARK [1][-]{section.1}{\376\377\000C\000o\000n\000t\000e\000x\000t\000e\000\040\000e\000t\000\040\000e\000n\000j\000e\000u\000x}{}% 4
\BOOKMARK [2][-]{subsection.1.1}{\376\377\000C\000o\000n\000t\000e\000x\000t\000e\000\040\000m\000\351\000t\000i\000e\000r\000\040\000e\000t\000\040\000m\000o\000t\000i\000v\000a\000t\000i\000o\000n}{section.1}% 5
\BOOKMARK [2][-]{subsection.1.2}{\376\377\000P\000r\000o\000b\000l\000\351\000m\000a\000t\000i\000q\000u\000e}{section.1}% 6
\BOOKMARK [2][-]{subsection.1.3}{\376\377\000N\000o\000t\000r\000e\000\040\000a\000p\000p\000r\000o\000c\000h\000e}{section.1}% 7
\BOOKMARK [1][-]{section.2}{\376\377\000B\000e\000n\000c\000h\000m\000a\000r\000k\000\040\000e\000t\000\040\000p\000o\000s\000i\000t\000i\000o\000n\000n\000e\000m\000e\000n\000t}{}% 8
\BOOKMARK [2][-]{subsection.2.1}{\376\377\000R\000e\000c\000h\000e\000r\000c\000h\000e\000\040\000d\000'\000i\000m\000a\000g\000e\000s\000\040\000p\000a\000r\000\040\000l\000e\000\040\000c\000o\000n\000t\000e\000n\000u\000\040\000\050\000C\000B\000I\000R\000\051}{section.2}% 9
\BOOKMARK [2][-]{subsection.2.2}{\376\377\000S\000o\000l\000u\000t\000i\000o\000n\000s\000\040\000e\000x\000i\000s\000t\000a\000n\000t\000e\000s\000\040\000e\000t\000\040\000a\000n\000a\000l\000y\000s\000e\000\040\000c\000o\000m\000p\000a\000r\000a\000t\000i\000v\000e}{section.2}% 10
\BOOKMARK [2][-]{subsection.2.3}{\376\377\000U\000n\000\040\000t\000e\000r\000r\000a\000i\000n\000\040\000d\000'\000o\000p\000p\000o\000r\000t\000u\000n\000i\000t\000\351\000\040\000p\000o\000u\000r\000\040\000l\000a\000\040\000r\000e\000c\000h\000e\000r\000c\000h\000e}{section.2}% 11
\BOOKMARK [1][-]{section.3}{\376\377\000G\000e\000s\000t\000i\000o\000n\000\040\000d\000e\000\040\000p\000r\000o\000j\000e\000t}{}% 12
\BOOKMARK [2][-]{subsection.3.1}{\376\377\000M\000\351\000t\000h\000o\000d\000o\000l\000o\000g\000i\000e}{section.3}% 13
\BOOKMARK [2][-]{subsection.3.2}{\376\377\000P\000l\000a\000n\000n\000i\000n\000g\000\040\000e\000t\000\040\000j\000a\000l\000o\000n\000s}{section.3}% 14
\BOOKMARK [1][-]{section.4}{\376\377\000P\000r\000o\000d\000u\000i\000t}{}% 15
\BOOKMARK [2][-]{subsection.4.1}{\376\377\000R\000\351\000p\000o\000n\000s\000e\000\040\000\340\000\040\000l\000a\000\040\000p\000r\000o\000b\000l\000\351\000m\000a\000t\000i\000q\000u\000e}{section.4}% 16
\BOOKMARK [2][-]{subsection.4.2}{\376\377\000C\000a\000s\000\040\000d\000'\000u\000t\000i\000l\000i\000s\000a\000t\000i\000o\000n}{section.4}% 17
\BOOKMARK [2][-]{subsection.4.3}{\376\377\000I\000n\000t\000e\000r\000f\000a\000c\000e\000\040\000e\000t\000\040\000e\000r\000g\000o\000n\000o\000m\000i\000e}{section.4}% 18
\BOOKMARK [2][-]{subsection.4.4}{\376\377\000M\000o\000d\000e\000s\000\040\000d\000e\000\040\000r\000e\000c\000h\000e\000r\000c\000h\000e}{section.4}% 19
\BOOKMARK [2][-]{subsection.4.5}{\376\377\000R\000\351\000s\000u\000l\000t\000a\000t\000s\000\040\000e\000t\000\040\000e\000x\000p\000l\000o\000r\000a\000t\000i\000o\000n}{section.4}% 20
\BOOKMARK [1][-]{section.5}{\376\377\000T\000e\000c\000h\000n\000o\000l\000o\000g\000i\000e\000s\000\040\000c\000l\000\351\000s}{}% 21
\BOOKMARK [2][-]{subsection.5.1}{\376\377\000A\000r\000c\000h\000i\000t\000e\000c\000t\000u\000r\000e\000\040\000d\000e\000s\000\040\000p\000i\000p\000e\000l\000i\000n\000e\000s\000\040\000d\000'\000e\000m\000b\000e\000d\000d\000i\000n\000g}{section.5}% 22
\BOOKMARK [2][-]{subsection.5.2}{\376\377\000T\000e\000c\000h\000n\000o\000l\000o\000g\000i\000e\000s\000\040\000d\000e\000\040\000d\000\351\000v\000e\000l\000o\000p\000p\000e\000m\000e\000n\000t}{section.5}% 23
\BOOKMARK [2][-]{subsection.5.3}{\376\377\000F\000A\000I\000S\000S\000\040\000e\000t\000\040\000o\000p\000t\000i\000m\000i\000s\000a\000t\000i\000o\000n\000\040\000d\000e\000\040\000l\000a\000\040\000r\000e\000c\000h\000e\000r\000c\000h\000e}{section.5}% 24
\BOOKMARK [2][-]{subsection.5.4}{\376\377\000S\000t\000o\000c\000k\000a\000g\000e\000\040\000c\000l\000o\000u\000d\000\040\000e\000t\000\040\000i\000n\000f\000r\000a\000s\000t\000r\000u\000c\000t\000u\000r\000e\000\040\000d\000'\000e\000n\000t\000r\000a\000\356\000n\000e\000m\000e\000n\000t}{section.5}% 25
\BOOKMARK [1][-]{section.6}{\376\377\000D\000\351\000p\000l\000o\000i\000e\000m\000e\000n\000t\000\040\000e\000t\000\040\000e\000x\000p\000l\000o\000i\000t\000a\000t\000i\000o\000n}{}% 26
\BOOKMARK [2][-]{subsection.6.1}{\376\377\000A\000r\000c\000h\000i\000t\000e\000c\000t\000u\000r\000e\000\040\000e\000t\000\040\000p\000i\000p\000e\000l\000i\000n\000e\000\040\000d\000e\000\040\000d\000\351\000p\000l\000o\000i\000e\000m\000e\000n\000t}{section.6}% 27
\BOOKMARK [2][-]{subsection.6.2}{\376\377\000P\000r\000o\000d\000u\000c\000t\000i\000o\000n\000,\000\040\000a\000c\000c\000e\000s\000s\000i\000b\000i\000l\000i\000t\000\351\000\040\000e\000t\000\040\000\351\000v\000o\000l\000u\000t\000i\000v\000i\000t\000\351}{section.6}% 28
\BOOKMARK [1][-]{section.7}{\376\377\000\311\000v\000a\000l\000u\000a\000t\000i\000o\000n\000\040\000e\000t\000\040\000r\000\351\000s\000u\000l\000t\000a\000t\000s}{}% 29
\BOOKMARK [2][-]{subsection.7.1}{\376\377\000R\000\351\000s\000u\000l\000t\000a\000t\000s\000\040\000d\000u\000\040\000m\000o\000t\000e\000u\000r\000\040\000v\000i\000s\000u\000e\000l\000\040\000\050\000D\000I\000N\000O\000v\0002\000\051}{section.7}% 30
\BOOKMARK [2][-]{subsection.7.2}{\376\377\000R\000\351\000s\000u\000l\000t\000a\000t\000s\000\040\000d\000u\000\040\000m\000o\000t\000e\000u\000r\000\040\000s\000\351\000m\000a\000n\000t\000i\000q\000u\000e\000\040\000\050\000B\000i\000o\000M\000e\000d\000C\000L\000I\000P\000\051}{section.7}% 31
\BOOKMARK [2][-]{subsection.7.3}{\376\377\000T\000e\000s\000t\000s\000\040\000u\000n\000i\000t\000a\000i\000r\000e\000s}{section.7}% 32
\BOOKMARK [2][-]{subsection.7.4}{\376\377\000P\000e\000r\000f\000o\000r\000m\000a\000n\000c\000e\000\040\000t\000e\000c\000h\000n\000i\000q\000u\000e}{section.7}% 33
\BOOKMARK [2][-]{subsection.7.5}{\376\377\000L\000i\000m\000i\000t\000e\000s\000\040\000o\000b\000s\000e\000r\000v\000\351\000e\000s\000\040\000e\000t\000\040\000s\000y\000n\000t\000h\000\350\000s\000e}{section.7}% 34
\BOOKMARK [1][-]{section.8}{\376\377\000D\000i\000f\000f\000i\000c\000u\000l\000t\000\351\000s\000\040\000r\000e\000n\000c\000o\000n\000t\000r\000\351\000e\000s}{}% 35
\BOOKMARK [2][-]{subsection.8.1}{\376\377\000F\000i\000n\000e\000-\000t\000u\000n\000i\000n\000g\000\040\000e\000t\000\040\000c\000h\000o\000i\000x\000\040\000d\000e\000s\000\040\000m\000o\000d\000\350\000l\000e\000s}{section.8}% 36
\BOOKMARK [2][-]{subsection.8.2}{\376\377\000M\000a\000n\000i\000p\000u\000l\000a\000t\000i\000o\000n\000\040\000d\000'\000u\000n\000\040\000d\000a\000t\000a\000s\000e\000t\000\040\000v\000o\000l\000u\000m\000i\000n\000e\000u\000x}{section.8}% 37
\BOOKMARK [2][-]{subsection.8.3}{\376\377\000A\000b\000s\000e\000n\000c\000e\000\040\000d\000e\000\040\000b\000e\000n\000c\000h\000m\000a\000r\000k\000\040\000d\000e\000\040\000r\000\351\000f\000\351\000r\000e\000n\000c\000e\000\040\000e\000n\000\040\000C\000B\000I\000R\000\040\000m\000\351\000d\000i\000c\000a\000l}{section.8}% 38
\BOOKMARK [1][-]{section.9}{\376\377\000B\000i\000l\000a\000n\000\040\000e\000t\000\040\000r\000e\000t\000o\000u\000r\000\040\000d\000'\000e\000x\000p\000\351\000r\000i\000e\000n\000c\000e}{}% 39
\BOOKMARK [2][-]{subsection.9.1}{\376\377\000R\000\351\000u\000s\000s\000i\000t\000e\000s\000\040\000t\000e\000c\000h\000n\000i\000q\000u\000e\000s}{section.9}% 40
\BOOKMARK [2][-]{subsection.9.2}{\376\377\000A\000p\000p\000o\000r\000t\000s\000\040\000m\000\351\000t\000h\000o\000d\000o\000l\000o\000g\000i\000q\000u\000e\000s}{section.9}% 41
\BOOKMARK [2][-]{subsection.9.3}{\376\377\000A\000p\000p\000o\000r\000t\000s\000\040\000h\000u\000m\000a\000i\000n\000s\000\040\000e\000t\000\040\000t\000r\000a\000v\000a\000i\000l\000\040\000d\000'\000\351\000q\000u\000i\000p\000e}{section.9}% 42
\BOOKMARK [1][-]{section.10}{\376\377\000I\000m\000p\000a\000c\000t\000\040\000a\000g\000e\000n\000t\000i\000c\000\040\000A\000I}{}% 43
\BOOKMARK [2][-]{subsection.10.1}{\376\377\000\311\000t\000a\000t\000\040\000a\000c\000t\000u\000e\000l\000\040\000d\000e\000s\000\040\000I\000A\000\040\000a\000g\000e\000n\000t\000i\000q\000u\000e\000s}{section.10}% 44
\BOOKMARK [2][-]{subsection.10.2}{\376\377\000U\000t\000i\000l\000i\000s\000a\000t\000i\000o\000n\000\040\000d\000a\000n\000s\000\040\000l\000e\000\040\000p\000r\000o\000j\000e\000t}{section.10}% 45
\BOOKMARK [2][-]{subsection.10.3}{\376\377\000A\000p\000p\000o\000r\000t\000s\000\040\000e\000t\000\040\000l\000i\000m\000i\000t\000e\000s}{section.10}% 46
\BOOKMARK [1][-]{section.11}{\376\377\000P\000e\000r\000s\000p\000e\000c\000t\000i\000v\000e\000s}{}% 47
\BOOKMARK [2][-]{subsection.11.1}{\376\377\000\311\000v\000o\000l\000u\000t\000i\000o\000n\000s\000\040\000f\000o\000n\000c\000t\000i\000o\000n\000n\000e\000l\000l\000e\000s}{section.11}% 48
\BOOKMARK [2][-]{subsection.11.2}{\376\377\000\311\000v\000o\000l\000u\000t\000i\000o\000n\000s\000\040\000t\000e\000c\000h\000n\000i\000q\000u\000e\000s}{section.11}% 49
\BOOKMARK [2][-]{subsection.11.3}{\376\377\000V\000e\000r\000s\000\040\000l\000a\000\040\000r\000e\000c\000h\000e\000r\000c\000h\000e\000\040\000e\000t\000\040\000l\000'\000i\000n\000d\000u\000s\000t\000r\000i\000e}{section.11}% 50
\BOOKMARK [1][-]{section*.9}{\376\377\000R\000\351\000f\000\351\000r\000e\000n\000c\000e\000s\000\040\000b\000i\000b\000l\000i\000o\000g\000r\000a\000p\000h\000i\000q\000u\000e\000s}{}% 51
\BOOKMARK [1][-]{appendix.A}{\376\377\000D\000o\000c\000u\000m\000e\000n\000t\000a\000t\000i\000o\000n\000\040\000A\000P\000I\000\040\000R\000E\000S\000T}{}% 52
\BOOKMARK [1][-]{appendix.B}{\376\377\000E\000x\000t\000r\000a\000i\000t\000s\000\040\000d\000e\000\040\000c\000o\000d\000e\000\040\000e\000t\000\040\000u\000t\000i\000l\000i\000s\000a\000t\000i\000o\000n\000\040\000d\000e\000\040\000l\000'\000I\000A}{}% 53
\BOOKMARK [2][-]{subsection.B.1}{\376\377\000E\000n\000c\000o\000d\000e\000u\000r\000\040\000B\000i\000o\000M\000e\000d\000C\000L\000I\000P}{appendix.B}% 54
\BOOKMARK [2][-]{subsection.B.2}{\376\377\000E\000n\000c\000o\000d\000e\000u\000r\000\040\000D\000I\000N\000O\000v\0002}{appendix.B}% 55
\BOOKMARK [2][-]{subsection.B.3}{\376\377\000M\000o\000t\000e\000u\000r\000\040\000d\000e\000\040\000r\000e\000c\000h\000e\000r\000c\000h\000e\000\040\000F\000A\000I\000S\000S}{appendix.B}% 56
\BOOKMARK [2][-]{subsection.B.4}{\376\377\000U\000t\000i\000l\000i\000s\000a\000t\000i\000o\000n\000\040\000d\000e\000\040\000l\000'\000i\000n\000t\000e\000l\000l\000i\000g\000e\000n\000c\000e\000\040\000a\000r\000t\000i\000f\000i\000c\000i\000e\000l\000l\000e}{appendix.B}% 57
\BOOKMARK [1][-]{appendix.C}{\376\377\000R\000\351\000s\000u\000l\000t\000a\000t\000s\000\040\000d\000e\000\040\000t\000e\000s\000t\000s\000\040\000d\000\351\000t\000a\000i\000l\000l\000\351\000s}{}% 58
\BOOKMARK [2][-]{subsection.C.1}{\376\377\000M\000o\000d\000e\000\040\000A\000n\000a\000l\000y\000s\000e\000\040\000V\000i\000s\000u\000e\000l\000l\000e\000\040\000\050\000D\000I\000N\000O\000v\0002\000\051}{appendix.C}% 59
\BOOKMARK [2][-]{subsection.C.2}{\376\377\000M\000o\000d\000e\000\040\000A\000n\000a\000l\000y\000s\000e\000\040\000I\000n\000t\000e\000r\000p\000r\000\351\000t\000a\000t\000i\000v\000e\000\040\000\050\000B\000i\000o\000M\000e\000d\000C\000L\000I\000P\000\051}{appendix.C}% 60
\BOOKMARK [2][-]{subsection.C.3}{\376\377\000M\000o\000d\000e\000\040\000R\000e\000c\000h\000e\000r\000c\000h\000e\000\040\000p\000a\000r\000\040\000T\000e\000x\000t\000e\000\040\000\050\000B\000i\000o\000M\000e\000d\000C\000L\000I\000P\000\051}{appendix.C}% 61
\BOOKMARK [1][-]{appendix.D}{\376\377\000G\000l\000o\000s\000s\000a\000i\000r\000e}{}% 62
